// Jest Snapshot v1, https://goo.gl/fbAQLP

exports[`<Pagination /> should load the component with default values 1`] = `
.c1 {
  display: inline-block;
  vertical-align: middle;
  overflow: hidden;
}

.c0 {
  color: #ffffff;
  width: 100%;
  display: -webkit-box;
  display: -webkit-flex;
  display: -ms-flexbox;
  display: flex;
  -webkit-box-pack: center;
  -webkit-justify-content: center;
  -ms-flex-pack: center;
  justify-content: center;
  -webkit-align-items: center;
  -webkit-box-align: center;
  -ms-flex-align: center;
  align-items: center;
  height: 10rem;
  gap: 1rem;
  width: 100%;
  list-style-type: none;
}

.c3 {
  --size: 5rem;
  background-color: rgb(157 23 30);
  font-size: 1.8rem;
  font-weight: bold;
  border-radius: 50%;
  width: var(--size);
  height: var(--size);
  text-align: center;
  line-height: var(--size);
  cursor: pointer;
  -webkit-user-select: none;
  -moz-user-select: none;
  -ms-user-select: none;
  user-select: none;
}

.c4 {
  --size: 4rem;
  background-color: rgb(157 23 30);
  font-size: 1.8rem;
  font-weight: bold;
  border-radius: 50%;
  width: var(--size);
  height: var(--size);
  text-align: center;
  line-height: var(--size);
  cursor: pointer;
  -webkit-user-select: none;
  -moz-user-select: none;
  -ms-user-select: none;
  user-select: none;
}

.c2 {
  width: 8rem;
  fill: rgb(157 23 30);
  cursor: pointer;
}

.c5 {
  width: 8rem;
  fill: rgb(157 23 30);
  cursor: pointer;
}

<div>
  <ul
    aria-label="Pagination Navigation"
    class="c0"
  >
    <svg
      aria-hidden="false"
      class="c1 c2"
      fill="currentColor"
      focusable="false"
      viewBox="0 0 24 24"
      xmlns="http://www.w3.org/2000/svg"
    >
      <path
        d="M14.91 6.71a.996.996 0 0 0-1.41 0L8.91 11.3a.996.996 0 0 0 0 1.41l4.59 4.59a.996.996 0 1 0 1.41-1.41L11.03 12l3.88-3.88c.38-.39.38-1.03 0-1.41z"
      />
    </svg>
    <li
      class="c3"
    >
      1
    </li>
    <li
      class="c4"
    >
      2
    </li>
    <li
      class="c4"
    >
      3
    </li>
    <li
      class="c4"
    >
      4
    </li>
    <li
      class="c4"
    >
      5
    </li>
    <svg
      aria-hidden="false"
      class="c1 c5"
      fill="currentColor"
      focusable="false"
      viewBox="0 0 24 24"
      xmlns="http://www.w3.org/2000/svg"
    >
      <path
        d="M9.31 6.71a.996.996 0 0 0 0 1.41L13.19 12l-3.88 3.88a.996.996 0 1 0 1.41 1.41l4.59-4.59a.996.996 0 0 0 0-1.41L10.72 6.7c-.38-.38-1.02-.38-1.41.01z"
      />
    </svg>
  </ul>
</div>
`;
